============================= test session starts ==============================
platform darwin -- Python 3.12.12, pytest-8.4.2, pluggy-1.6.0 -- /opt/homebrew/Caskroom/miniforge/base/bin/python3.12
cachedir: .pytest_cache
rootdir: /Users/david/Desktop/python/github/AI-summary
configfile: pytest.ini
testpaths: tests
plugins: anyio-4.12.0, cov-7.0.0
collecting ... collected 115 items / 41 deselected / 74 selected

tests/integration/test_llama_build.py::test_llama_build_generates_basic_text Fatal Python error: Segmentation fault

Current thread 0x000000020cdea080 (most recent call first):
  File "/opt/homebrew/Caskroom/miniforge/base/lib/python3.12/site-packages/llama_cpp/_internals.py", line 53 in __init__
  File "/opt/homebrew/Caskroom/miniforge/base/lib/python3.12/site-packages/llama_cpp/llama.py", line 374 in __init__
  File "/Users/david/Desktop/python/github/AI-summary/tests/integration/test_llama_build.py", line 18 in test_llama_build_generates_basic_text
  File "/opt/homebrew/Caskroom/miniforge/base/lib/python3.12/site-packages/_pytest/python.py", line 157 in pytest_pyfunc_call
  File "/opt/homebrew/Caskroom/miniforge/base/lib/python3.12/site-packages/pluggy/_callers.py", line 121 in _multicall
  File "/opt/homebrew/Caskroom/miniforge/base/lib/python3.12/site-packages/pluggy/_manager.py", line 120 in _hookexec
  File "/opt/homebrew/Caskroom/miniforge/base/lib/python3.12/site-packages/pluggy/_hooks.py", line 512 in __call__
  File "/opt/homebrew/Caskroom/miniforge/base/lib/python3.12/site-packages/_pytest/python.py", line 1671 in runtest
  File "/opt/homebrew/Caskroom/miniforge/base/lib/python3.12/site-packages/_pytest/runner.py", line 178 in pytest_runtest_call
  File "/opt/homebrew/Caskroom/miniforge/base/lib/python3.12/site-packages/pluggy/_callers.py", line 121 in _multicall
  File "/opt/homebrew/Caskroom/miniforge/base/lib/python3.12/site-packages/pluggy/_manager.py", line 120 in _hookexec
  File "/opt/homebrew/Caskroom/miniforge/base/lib/python3.12/site-packages/pluggy/_hooks.py", line 512 in __call__
  File "/opt/homebrew/Caskroom/miniforge/base/lib/python3.12/site-packages/_pytest/runner.py", line 246 in <lambda>
  File "/opt/homebrew/Caskroom/miniforge/base/lib/python3.12/site-packages/_pytest/runner.py", line 344 in from_call
  File "/opt/homebrew/Caskroom/miniforge/base/lib/python3.12/site-packages/_pytest/runner.py", line 245 in call_and_report
  File "/opt/homebrew/Caskroom/miniforge/base/lib/python3.12/site-packages/_pytest/runner.py", line 136 in runtestprotocol
  File "/opt/homebrew/Caskroom/miniforge/base/lib/python3.12/site-packages/_pytest/runner.py", line 117 in pytest_runtest_protocol
  File "/opt/homebrew/Caskroom/miniforge/base/lib/python3.12/site-packages/pluggy/_callers.py", line 121 in _multicall
  File "/opt/homebrew/Caskroom/miniforge/base/lib/python3.12/site-packages/pluggy/_manager.py", line 120 in _hookexec
  File "/opt/homebrew/Caskroom/miniforge/base/lib/python3.12/site-packages/pluggy/_hooks.py", line 512 in __call__
  File "/opt/homebrew/Caskroom/miniforge/base/lib/python3.12/site-packages/_pytest/main.py", line 367 in pytest_runtestloop
  File "/opt/homebrew/Caskroom/miniforge/base/lib/python3.12/site-packages/pluggy/_callers.py", line 121 in _multicall
  File "/opt/homebrew/Caskroom/miniforge/base/lib/python3.12/site-packages/pluggy/_manager.py", line 120 in _hookexec
  File "/opt/homebrew/Caskroom/miniforge/base/lib/python3.12/site-packages/pluggy/_hooks.py", line 512 in __call__
  File "/opt/homebrew/Caskroom/miniforge/base/lib/python3.12/site-packages/_pytest/main.py", line 343 in _main
  File "/opt/homebrew/Caskroom/miniforge/base/lib/python3.12/site-packages/_pytest/main.py", line 289 in wrap_session
  File "/opt/homebrew/Caskroom/miniforge/base/lib/python3.12/site-packages/_pytest/main.py", line 336 in pytest_cmdline_main
  File "/opt/homebrew/Caskroom/miniforge/base/lib/python3.12/site-packages/pluggy/_callers.py", line 121 in _multicall
  File "/opt/homebrew/Caskroom/miniforge/base/lib/python3.12/site-packages/pluggy/_manager.py", line 120 in _hookexec
  File "/opt/homebrew/Caskroom/miniforge/base/lib/python3.12/site-packages/pluggy/_hooks.py", line 512 in __call__
  File "/opt/homebrew/Caskroom/miniforge/base/lib/python3.12/site-packages/_pytest/config/__init__.py", line 175 in main
  File "/opt/homebrew/Caskroom/miniforge/base/lib/python3.12/site-packages/_pytest/config/__init__.py", line 201 in console_main
  File "/opt/homebrew/Caskroom/miniforge/base/bin/pytest", line 7 in <module>

Extension modules: ujson, _brotli, zstandard.backend_c, numpy._core._multiarray_umath, numpy.linalg._umath_linalg, pyarrow.lib, numpy.random._common, numpy.random.bit_generator, numpy.random._bounded_integers, numpy.random._pcg64, numpy.random._mt19937, numpy.random._generator, numpy.random._philox, numpy.random._sfc64, numpy.random.mtrand, pandas._libs.tslibs.ccalendar, pandas._libs.tslibs.np_datetime, pandas._libs.tslibs.dtypes, pandas._libs.tslibs.base, pandas._libs.tslibs.nattype, pandas._libs.tslibs.timezones, pandas._libs.tslibs.fields, pandas._libs.tslibs.timedeltas, pandas._libs.tslibs.tzconversion, pandas._libs.tslibs.timestamps, pandas._libs.properties, pandas._libs.tslibs.offsets, pandas._libs.tslibs.strptime, pandas._libs.tslibs.parsing, pandas._libs.tslibs.conversion, pandas._libs.tslibs.period, pandas._libs.tslibs.vectorized, pandas._libs.ops_dispatch, pandas._libs.missing, pandas._libs.hashtable, pandas._libs.algos, pandas._libs.interval, pandas._libs.lib, pyarrow._compute, pandas._libs.ops, pandas._libs.hashing, pandas._libs.arrays, pandas._libs.tslib, pandas._libs.sparse, pandas._libs.internals, pandas._libs.indexing, pandas._libs.index, pandas._libs.writers, pandas._libs.join, pandas._libs.window.aggregations, pandas._libs.window.indexers, pandas._libs.reshape, pandas._libs.groupby, pandas._libs.json, pandas._libs.parsers, pandas._libs.testing, torch._C, torch._C._dynamo.autograd_compiler, torch._C._dynamo.eval_frame, torch._C._dynamo.guards, torch._C._dynamo.utils, torch._C._fft, torch._C._linalg, torch._C._nested, torch._C._nn, torch._C._sparse, torch._C._special, yaml._yaml, regex._regex, markupsafe._speedups, PIL._imaging, sklearn.__check_build._check_build, scipy._lib._ccallback_c, scipy.sparse._sparsetools, _csparsetools, _cyutility, scipy._cyutility, scipy.sparse._csparsetools, scipy.special._ufuncs_cxx, scipy.special._ellip_harm_2, scipy.special._special_ufuncs, scipy.special._gufuncs, scipy.special._ufuncs, scipy.special._specfun, scipy.special._comb, scipy.linalg._fblas, scipy.linalg._flapack, scipy.linalg.cython_lapack, scipy.linalg._cythonized_array_utils, scipy.linalg._solve_toeplitz, scipy.linalg._decomp_lu_cython, scipy.linalg._matfuncs_schur_sqrtm, scipy.linalg._matfuncs_expm, scipy.linalg._linalg_pythran, scipy.linalg.cython_blas, scipy.linalg._decomp_update, scipy.sparse.linalg._dsolve._superlu, scipy.sparse.linalg._eigen.arpack._arpack, scipy.sparse.linalg._propack._spropack, scipy.sparse.linalg._propack._dpropack, scipy.sparse.linalg._propack._cpropack, scipy.sparse.linalg._propack._zpropack, scipy.spatial._ckdtree, scipy._lib.messagestream, scipy.spatial._qhull, scipy.spatial._voronoi, scipy.spatial._hausdorff, scipy.spatial._distance_wrap, scipy.spatial.transform._rotation, scipy.spatial.transform._rigid_transform, scipy.optimize._group_columns, scipy.optimize._trlib._trlib, scipy.optimize._lbfgsb, _moduleTNC, scipy.optimize._moduleTNC, scipy.optimize._slsqplib, scipy.optimize._minpack, scipy.optimize._lsq.givens_elimination, scipy.optimize._zeros, scipy._lib._uarray._uarray, scipy.linalg._decomp_interpolative, scipy.optimize._bglu_dense, scipy.optimize._lsap, scipy.optimize._direct, scipy.integrate._odepack, scipy.integrate._quadpack, scipy.integrate._vode, scipy.integrate._dop, scipy.integrate._lsoda, scipy.interpolate._fitpack, scipy.interpolate._dfitpack, scipy.interpolate._dierckx, scipy.interpolate._ppoly, scipy.interpolate._interpnd, scipy.interpolate._rbfinterp_pythran, scipy.interpolate._rgi_cython, scipy.special.cython_special, scipy.stats._stats, scipy.stats._biasedurn, scipy.stats._stats_pythran, scipy.stats._levy_stable.levyst, scipy.stats._ansari_swilk_statistics, scipy.sparse.csgraph._tools, scipy.sparse.csgraph._shortest_path, scipy.sparse.csgraph._traversal, scipy.sparse.csgraph._min_spanning_tree, scipy.sparse.csgraph._flow, scipy.sparse.csgraph._matching, scipy.sparse.csgraph._reordering, scipy.stats._sobol, scipy.stats._qmc_cy, scipy.stats._rcont.rcont, scipy.stats._qmvnt_cy, scipy.ndimage._nd_image, scipy.ndimage._rank_filter_1d, _ni_label, scipy.ndimage._ni_label, sklearn.utils._isfinite, sklearn.utils.sparsefuncs_fast, sklearn.utils.murmurhash, sklearn.utils._openmp_helpers, sklearn.metrics.cluster._expected_mutual_info_fast, sklearn.preprocessing._csr_polynomial_expansion, sklearn.preprocessing._target_encoder_fast, sklearn.metrics._dist_metrics, sklearn.metrics._pairwise_distances_reduction._datasets_pair, sklearn.utils._cython_blas, sklearn.metrics._pairwise_distances_reduction._base, sklearn.metrics._pairwise_distances_reduction._middle_term_computer, sklearn.utils._heap, sklearn.utils._sorting, sklearn.metrics._pairwise_distances_reduction._argkmin, sklearn.metrics._pairwise_distances_reduction._argkmin_classmode, sklearn.utils._vector_sentinel, sklearn.metrics._pairwise_distances_reduction._radius_neighbors, sklearn.metrics._pairwise_distances_reduction._radius_neighbors_classmode, sklearn.metrics._pairwise_fast, _cffi_backend, faiss._swigfaiss, fastparquet.cencoding, fastparquet.speedups, sklearn.neighbors._partition_nodes, sklearn.neighbors._ball_tree, sklearn.neighbors._kd_tree, sklearn.utils.arrayfuncs, sklearn.utils._random, sklearn.utils._seq_dataset, sklearn.linear_model._cd_fast, _loss, sklearn._loss._loss, sklearn.svm._liblinear, sklearn.svm._libsvm, sklearn.svm._libsvm_sparse, sklearn.linear_model._sag_fast, sklearn.utils._weight_vector, sklearn.linear_model._sgd_fast, sklearn.decomposition._online_lda_fast, sklearn.decomposition._cdnmf_fast, lxml._elementpath, lxml.etree, PIL._imagingft, pymupdf._extra, pymupdf._mupdf, sklearn.feature_extraction._hashing_fast, sklearn.utils._fast_dict, sklearn.cluster._hierarchical_fast, sklearn.cluster._k_means_common, sklearn.cluster._k_means_elkan, sklearn.cluster._k_means_lloyd, sklearn.cluster._k_means_minibatch, sklearn.cluster._dbscan_inner, sklearn.cluster._hdbscan._tree, sklearn.cluster._hdbscan._linkage, sklearn.cluster._hdbscan._reachability, sklearn._isotonic, sklearn.tree._utils, sklearn.tree._tree, sklearn.tree._partitioner, sklearn.tree._splitter, sklearn.tree._criterion, sklearn.neighbors._quad_tree, sklearn.manifold._barnes_hut_tsne, sklearn.manifold._utils, av._core, av.logging, av.bytesource, av.buffer, av.audio.format, av.enum, av.error, av.utils, av.option, av.descriptor, av.container.pyio, av.dictionary, av.format, av.stream, av.container.streams, av.sidedata.motionvectors, av.sidedata.sidedata, av.packet, av.container.input, av.container.output, av.container.core, av.codec.context, av.video.format, av.video.reformatter, av.plane, av.video.plane, av.video.frame, av.video.stream, av.codec.codec, av.frame, av.audio.layout, av.audio.plane, av.audio.frame, av.audio.stream, av.audio.fifo, av.filter.pad, av.filter.link, av.filter.context, av.filter.graph, av.filter.filter, av.audio.resampler, av.bitstream, _watchdog_fsevents, shiboken6.Shiboken, PySide6.QtCore, PySide6.QtGui, PySide6.QtWidgets (total: 270)
